// Jest Snapshot v1, https://goo.gl/fbAQLP

exports[`analyze snapshots any.sql 1`] = `
Object {
  "parameters": Array [
    Object {
      "index": 1,
      "location": 46,
      "usedWith": Object {
        "column": "status",
        "isArray": true,
        "schema": undefined,
        "table": "orders",
      },
    },
  ],
  "warnings": Array [],
}
`;

exports[`analyze snapshots select.sql 1`] = `
Object {
  "parameters": Array [],
  "warnings": Array [],
}
`;
